Received Radario webhook: {  "model": {    "Id": 1000000080,    "Email": "test.dates@example.com",    "isAgreeAds": true,    "Status": "Paid",    "PaymentSystemStatus": "Paid",    "Amount": 2500.0,    "Event": {      "Title": "Концерт классической музыки",      "BeginDate": "2024-03-15T19:00:00Z"    },    "User": {      "Name": "Тест Дат",      "Phone": "+79991112233"    },    "Tickets": [      {        "OwnerName": "Тест Дат"      }    ],    "CreationDate": "2024-02-25T10:00:00Z",    "PaymentDate": "2024-02-25T10:05:00Z...
📋 isAgreeAds найден в model: True (тип: <class 'bool'>)
📊 Итоговая информация о клиенте: email=test.dates@example.com, is_agree_ads=True
🔍 API Request: GET https://infooktavaklasterru.amocrm.ru/api/v4/contacts?query=test.dates@example.com
📥 Response status: 204
📧 СОЗДАНИЕ КОНТАКТА: email=test.dates@example.com, is_agree_ads=True -> enum_id: 989895
🔍 API Request: POST https://infooktavaklasterru.amocrm.ru/api/v4/contacts
📦 Request data preview: [
  {
    "name": "Дат Тест",
    "custom_fields_values": [
      {
        "field_code": "EMAIL",
        "values": [
          {
            "value": "test.dates@example.com",
            "enum_code": "WORK"
          }
        ]
      },
      {
        "field_code": "PHONE",
        "values": [
          {
            "value": "+79991112233",
            "enum_code": "WORK"
          }
        ]
      },
      {
        "field_id": 989771,
        "values": [
          {
            "enum_id": 989895
          }
        ]
      }
    ]
  }
]
📥 Response status: 200
✅ Контакт создан: 49495943
Created new contact: 49495943
🔍 Поиск сделки: 1000000080
🔍 API Request: GET https://infooktavaklasterru.amocrm.ru/api/v4/leads?query=1000000080&with=custom_fields
📥 Response status: 204
Не найдено сделок для: 1000000080
Creating new lead: 1000000080
💳 Сохраняю order_id: '1000000080' -> '295503'
🚀 Создаю сделку 'Билет на Концерт классической музыки (#1000000080)' с 10 полями
📅 Отправляемые даты:
   - Дата мероприятия (field 976983): 2024-03-15T19:00:00Z
   - Дата оплаты (field 986101): 2024-02-25T10:05:00Z
🔍 API Request: POST https://infooktavaklasterru.amocrm.ru/api/v4/leads
📦 Request data preview: [
  {
    "name": "Билет на Концерт классической музыки (#1000000080)",
    "price": 2500,
    "pipeline_id": 9713218,
    "status_id": 77419554,
    "_embedded": {
      "contacts": [
        {
          "id": 49495943
        }
      ]
    },
    "custom_fields_values": [
      {
        "field_id": 986103,
        "values": [
          {
            "value": "295503"
          }
        ]
      },
      {
        "field_id": 986253,
        "values": [
          {
            "value": 1
          }
        ]
      },
      {
        "field_id": 986251,
        "values": [
          {
            "value": "Концерт классической музыки"
          }
        ]
      },
      {
        "field_id": 976741,
        "values": [
          {
            "value": "Заказ: 1000000080 • Концерт • Концерт классической музыки • Оплачен • 2K руб • 1 билет • Источник: Radario"
          }
        ]
      },
      {
        "field_id": 986255,
        "values": [
          {
            "enum_id": 9851
📥 Response status: 200
✅ Сделка создана: 35166489
Received Radario webhook: {
    "model": {
      "Id": 1000000090,
      "Email": "test.field.names@example.com",
      "isAgreeAds": true,
      "Status": "Paid",
      "PaymentSystemStatus": "Paid",
      "Amount": 3000.0,
      "Event": {
        "Title": "Проверка названий полей",
        "BeginDate": "2024-04-20T18:30:00Z"
      },
      "User": {
        "Name": "Тест Полей"
      },
      "PaymentDate": "2024-03-01T12:00:00Z"
    }
  }...
📋 isAgreeAds найден в model: True (тип: <class 'bool'>)
📊 Итоговая информация о клиенте: email=test.field.names@example.com, is_agree_ads=True
🔍 API Request: GET https://infooktavaklasterru.amocrm.ru/api/v4/contacts?query=test.field.names@example.com
📥 Response status: 204
📧 СОЗДАНИЕ КОНТАКТА: email=test.field.names@example.com, is_agree_ads=True -> enum_id: 989895
🔍 API Request: POST https://infooktavaklasterru.amocrm.ru/api/v4/contacts
📦 Request data preview: [
  {
    "name": "Полей Тест",
    "custom_fields_values": [
      {
        "field_code": "EMAIL",
        "values": [
          {
            "value": "test.field.names@example.com",
            "enum_code": "WORK"
          }
        ]
      },
      {
        "field_id": 989771,
        "values": [
          {
            "enum_id": 989895
          }
        ]
      }
    ]
  }
]
📥 Response status: 200
✅ Контакт создан: 49495945
Created new contact: 49495945
🔍 Поиск сделки: 1000000090
🔍 API Request: GET https://infooktavaklasterru.amocrm.ru/api/v4/leads?query=1000000090&with=custom_fields
📥 Response status: 204
Не найдено сделок для: 1000000090
Creating new lead: 1000000090
💳 Сохраняю order_id: '1000000090' -> '709186'
🚀 Создаю сделку 'Билет на Проверка названий полей (#1000000090)' с 8 полями
📅 Отправляемые даты:
   - Дата мероприятия (field 976983): 2024-04-20T18:30:00Z
   - Дата оплаты (field 986101): 2024-03-01T12:00:00Z
🔍 API Request: POST https://infooktavaklasterru.amocrm.ru/api/v4/leads
📦 Request data preview: [
  {
    "name": "Билет на Проверка названий полей (#1000000090)",
    "price": 3000,
    "pipeline_id": 9713218,
    "status_id": 77419554,
    "_embedded": {
      "contacts": [
        {
          "id": 49495945
        }
      ]
    },
    "custom_fields_values": [
      {
        "field_id": 986103,
        "values": [
          {
            "value": "709186"
          }
        ]
      },
      {
        "field_id": 986251,
        "values": [
          {
            "value": "Проверка названий полей"
          }
        ]
      },
      {
        "field_id": 976741,
        "values": [
          {
            "value": "Заказ: 1000000090 • Другое • Проверка названий полей • Оплачен • 3K руб • Источник: Radario"
          }
        ]
      },
      {
        "field_id": 986105,
        "values": [
          {
            "enum_id": 985097
          }
        ]
      },
      {
        "field_id": 976809,
        "values": [
          {
            "enum_id": 973649
          }
 
📥 Response status: 200
✅ Сделка создана: 35166505
